../Core/Src/main.c:82:5:main	24	static
../Core/Src/main.c:146:6:SystemClock_Config	88	static
../Core/Src/main.c:193:13:MX_ADC1_Init	56	static
../Core/Src/main.c:270:13:MX_LPUART1_UART_Init	8	static
../Core/Src/main.c:317:13:MX_TIM3_Init	40	static
../Core/Src/main.c:362:13:MX_TIM4_Init	40	static
../Core/Src/main.c:405:13:MX_DMA_Init	16	static
../Core/Src/main.c:424:13:MX_GPIO_Init	48	static
../Core/Src/main.c:461:7:PlantSimulation	40	static
../Core/Src/main.c:473:6:HAL_TIM_PeriodElapsedCallback	16	static
../Core/Src/main.c:486:6:Error_Handler	4	static,ignoring_inline_asm
