../Core/Src/main.c:106:5:main	24	static
../Core/Src/main.c:196:6:SystemClock_Config	88	static
../Core/Src/main.c:243:13:MX_ADC1_Init	56	static
../Core/Src/main.c:320:13:MX_LPUART1_UART_Init	8	static
../Core/Src/main.c:367:13:MX_TIM3_Init	40	static
../Core/Src/main.c:412:13:MX_TIM4_Init	64	static
../Core/Src/main.c:471:13:MX_TIM5_Init	40	static
../Core/Src/main.c:514:13:MX_DMA_Init	16	static
../Core/Src/main.c:539:13:MX_GPIO_Init	48	static
../Core/Src/main.c:587:6:HAL_GPIO_EXTI_Callback	16	static
../Core/Src/main.c:598:6:PWM_Mode1	8	static
../Core/Src/main.c:613:6:Read_setpoint_position_Mode1	8	static
../Core/Src/main.c:627:6:HAL_TIM_PeriodElapsedCallback	32	static
../Core/Src/main.c:653:6:UARTDMAConfig	8	static
../Core/Src/main.c:659:6:HAL_UART_RxCpltCallback	16	static
../Core/Src/main.c:673:6:Error_Handler	4	static,ignoring_inline_asm
